  % Total    % Received % Xferd  Average Speed   Time    Time     Time  Current
                                 Dload  Upload   Total   Spent    Left  Speed
  0     0    0     0    0     0      0      0 --:--:-- --:--:-- --:--:--     0100   146    0     0  100   146      0    119  0:00:01  0:00:01 --:--:--   119100   146    0     0  100   146      0     65  0:00:02  0:00:02 --:--:--    65100   146    0     0  100   146      0     45  0:00:03  0:00:03 --:--:--    45100   146    0     0  100   146      0     34  0:00:04  0:00:04 --:--:--    34100   146    0     0  100   146      0     27  0:00:05  0:00:05 --:--:--    27100   146    0     0  100   146      0     23  0:00:06  0:00:06 --:--:--     0100   146    0     0  100   146      0     20  0:00:07  0:00:07 --:--:--     0100   146    0     0  100   146      0     17  0:00:08  0:00:08 --:--:--     0100   146    0     0  100   146      0     15  0:00:09  0:00:09 --:--:--     0100   146    0     0  100   146      0     14  0:00:10  0:00:10 --:--:--     0100   146    0     0  100   146      0     12  0:00:12  0:00:11  0:00:01     0100   146    0     0  100   146      0     11  0:00:13  0:00:12  0:00:01     0100   146    0     0  100   146      0     10  0:00:14  0:00:13  0:00:01     0100   146    0     0  100   146      0     10  0:00:14  0:00:14 --:--:--     0100   146    0     0  100   146      0      9  0:00:16  0:00:15  0:00:01     0100   146    0     0  100   146      0      8  0:00:18  0:00:16  0:00:02     0100   146    0     0  100   146      0      8  0:00:18  0:00:17  0:00:01     0100   146    0     0  100   146      0      7  0:00:20  0:00:18  0:00:02     0100   146    0     0  100   146      0      7  0:00:20  0:00:19  0:00:01     0100   146    0     0  100   146      0      7  0:00:20  0:00:20 --:--:--     0100   146    0     0  100   146      0      6  0:00:24  0:00:21  0:00:03     0100   146    0     0  100   146      0      6  0:00:24  0:00:22  0:00:02     0100   146    0     0  100   146      0      6  0:00:24  0:00:23  0:00:01     0100   146    0     0  100   146      0      5  0:00:29  0:00:24  0:00:05     0100   146    0     0  100   146      0      5  0:00:29  0:00:25  0:00:04     0100   146    0     0  100   146      0      5  0:00:29  0:00:26  0:00:03     0100   146    0     0  100   146      0      5  0:00:29  0:00:27  0:00:02     0100   146    0     0  100   146      0      5  0:00:29  0:00:28  0:00:01     0100   146    0     0  100   146      0      4  0:00:36  0:00:29  0:00:07     0100   146    0     0  100   146      0      4  0:00:36  0:00:30  0:00:06     0100   146    0     0  100   146      0      4  0:00:36  0:00:31  0:00:05     0100   146    0     0  100   146      0      4  0:00:36  0:00:32  0:00:04     0100   146    0     0  100   146      0      4  0:00:36  0:00:33  0:00:03     0100   146    0     0  100   146      0      4  0:00:36  0:00:34  0:00:02     0100   146    0     0  100   146      0      4  0:00:36  0:00:35  0:00:01     0100   146    0     0  100   146      0      4  0:00:36  0:00:36 --:--:--     0100   146    0     0  100   146      0      3  0:00:48  0:00:37  0:00:11     0100   146    0     0  100   146      0      3  0:00:48  0:00:38  0:00:10     0100   146    0     0  100   146      0      3  0:00:48  0:00:39  0:00:09     0100   146    0     0  100   146      0      3  0:00:48  0:00:40  0:00:08     0100   146    0     0  100   146      0      3  0:00:48  0:00:41  0:00:07     0100   146    0     0  100   146      0      3  0:00:48  0:00:42  0:00:06     0100   146    0     0  100   146      0      3  0:00:48  0:00:43  0:00:05     0100   146    0     0  100   146      0      3  0:00:48  0:00:44  0:00:04     0100   146    0     0  100   146      0      3  0:00:48  0:00:45  0:00:03     0100   146    0     0  100   146      0      3  0:00:48  0:00:46  0:00:02     0100   146    0     0  100   146      0      3  0:00:48  0:00:47  0:00:01     0100   146    0     0  100   146      0      3  0:00:48  0:00:48 --:--:--     0100   146    0     0  100   146      0      2  0:01:13  0:00:49  0:00:24     0100   146    0     0  100   146      0      2  0:01:13  0:00:50  0:00:23     0100   146    0     0  100   146      0      2  0:01:13  0:00:51  0:00:22     0